Total messages: 200 (Errors: 0, Warnings: 198)
Returning 198 messages for level "warning"

[WARNING] [.WebGL-0x397c06761800] GL_INVALID_FRAMEBUFFER_OPERATION: glClear: Framebuffer is incomplete: Attachment has zero size. @ about:srcdoc:0
[WARNING] [.WebGL-0x397c06761800] GL_INVALID_FRAMEBUFFER_OPERATION: glDrawArraysInstanced: Framebuffer is incomplete: Attachment has zero size. @ about:srcdoc:0
[WARNING] [.WebGL-0x397c06761800] GL_INVALID_FRAMEBUFFER_OPERATION: glDrawArraysInstanced: Framebuffer is incomplete: Attachment has zero size. @ about:srcdoc:0
[WARNING] [.WebGL-0x397c06761800] GL_INVALID_FRAMEBUFFER_OPERATION: glClearBufferfv: Framebuffer is incomplete: Attachment has zero size. @ about:srcdoc:0
[WARNING] [.WebGL-0x397c06761800] GL_INVALID_FRAMEBUFFER_OPERATION: glClearBufferfv: Framebuffer is incomplete: Attachment has zero size. @ about:srcdoc:0
[WARNING] [.WebGL-0x397c06761800] GL_INVALID_FRAMEBUFFER_OPERATION: glDrawArrays: Framebuffer is incomplete: Attachment has zero size. @ about:srcdoc:0
[WARNING] [.WebGL-0x397c06761800] GL_INVALID_FRAMEBUFFER_OPERATION: glDrawArrays: Framebuffer is incomplete: Attachment has zero size. @ about:srcdoc:0
[WARNING] [.WebGL-0x397c06761800] GL_INVALID_FRAMEBUFFER_OPERATION: glClearBufferfv: Framebuffer is incomplete: Attachment has zero size. @ about:srcdoc:0
[WARNING] [.WebGL-0x397c06761800] GL_INVALID_FRAMEBUFFER_OPERATION: glClearBufferfv: Framebuffer is incomplete: Attachment has zero size. @ about:srcdoc:0
[WARNING] [.WebGL-0x397c06761800] GL_INVALID_FRAMEBUFFER_OPERATION: glClear: Framebuffer is incomplete: Attachment has zero size. @ about:srcdoc:0
[WARNING] [.WebGL-0x397c06761800] GL_INVALID_FRAMEBUFFER_OPERATION: glDrawArraysInstanced: Framebuffer is incomplete: Attachment has zero size. @ about:srcdoc:0
[WARNING] [.WebGL-0x397c06761800] GL_INVALID_FRAMEBUFFER_OPERATION: glDrawArraysInstanced: Framebuffer is incomplete: Attachment has zero size. @ about:srcdoc:0
[WARNING] [.WebGL-0x397c06761800] GL_INVALID_FRAMEBUFFER_OPERATION: glClearBufferfv: Framebuffer is incomplete: Attachment has zero size. @ about:srcdoc:0
[WARNING] [.WebGL-0x397c06761800] GL_INVALID_FRAMEBUFFER_OPERATION: glClearBufferfv: Framebuffer is incomplete: Attachment has zero size. @ about:srcdoc:0
[WARNING] [.WebGL-0x397c06761800] GL_INVALID_FRAMEBUFFER_OPERATION: glDrawArrays: Framebuffer is incomplete: Attachment has zero size. @ about:srcdoc:0
[WARNING] [.WebGL-0x397c06761800] GL_INVALID_FRAMEBUFFER_OPERATION: glDrawArrays: Framebuffer is incomplete: Attachment has zero size. @ about:srcdoc:0
[WARNING] [.WebGL-0x397c06761800] GL_INVALID_FRAMEBUFFER_OPERATION: glClearBufferfv: Framebuffer is incomplete: Attachment has zero size. @ about:srcdoc:0
[WARNING] [.WebGL-0x397c06761800] GL_INVALID_FRAMEBUFFER_OPERATION: glClearBufferfv: Framebuffer is incomplete: Attachment has zero size. @ about:srcdoc:0
[WARNING] [.WebGL-0x397c06761800] GL_INVALID_FRAMEBUFFER_OPERATION: glClear: Framebuffer is incomplete: Attachment has zero size. @ about:srcdoc:0
[WARNING] [.WebGL-0x397c06761800] GL_INVALID_FRAMEBUFFER_OPERATION: glDrawArraysInstanced: Framebuffer is incomplete: Attachment has zero size. @ about:srcdoc:0
[WARNING] [.WebGL-0x397c06761800] GL_INVALID_FRAMEBUFFER_OPERATION: glDrawArraysInstanced: Framebuffer is incomplete: Attachment has zero size. @ about:srcdoc:0
[WARNING] [.WebGL-0x397c06761800] GL_INVALID_FRAMEBUFFER_OPERATION: glClearBufferfv: Framebuffer is incomplete: Attachment has zero size. @ about:srcdoc:0
[WARNING] [.WebGL-0x397c06761800] GL_INVALID_FRAMEBUFFER_OPERATION: glClearBufferfv: Framebuffer is incomplete: Attachment has zero size. @ about:srcdoc:0
[WARNING] [.WebGL-0x397c06761800] GL_INVALID_FRAMEBUFFER_OPERATION: glDrawArrays: Framebuffer is incomplete: Attachment has zero size. @ about:srcdoc:0
[WARNING] [.WebGL-0x397c06761800] GL_INVALID_FRAMEBUFFER_OPERATION: glDrawArrays: Framebuffer is incomplete: Attachment has zero size. @ about:srcdoc:0
[WARNING] [.WebGL-0x397c06761800] GL_INVALID_FRAMEBUFFER_OPERATION: glClearBufferfv: Framebuffer is incomplete: Attachment has zero size. @ about:srcdoc:0
[WARNING] [.WebGL-0x397c06761800] GL_INVALID_FRAMEBUFFER_OPERATION: glClearBufferfv: Framebuffer is incomplete: Attachment has zero size. @ about:srcdoc:0
[WARNING] [.WebGL-0x397c06761800] GL_INVALID_FRAMEBUFFER_OPERATION: glClear: Framebuffer is incomplete: Attachment has zero size. @ about:srcdoc:0
[WARNING] [.WebGL-0x397c06761800] GL_INVALID_FRAMEBUFFER_OPERATION: glDrawArraysInstanced: Framebuffer is incomplete: Attachment has zero size. @ about:srcdoc:0
[WARNING] [.WebGL-0x397c06761800] GL_INVALID_FRAMEBUFFER_OPERATION: glDrawArraysInstanced: Framebuffer is incomplete: Attachment has zero size. @ about:srcdoc:0
[WARNING] [.WebGL-0x397c06761800] GL_INVALID_FRAMEBUFFER_OPERATION: glClearBufferfv: Framebuffer is incomplete: Attachment has zero size. @ about:srcdoc:0
[WARNING] [.WebGL-0x397c06761800] GL_INVALID_FRAMEBUFFER_OPERATION: glClearBufferfv: Framebuffer is incomplete: Attachment has zero size. @ about:srcdoc:0
[WARNING] [.WebGL-0x397c06761800] GL_INVALID_FRAMEBUFFER_OPERATION: glDrawArrays: Framebuffer is incomplete: Attachment has zero size. @ about:srcdoc:0
[WARNING] [.WebGL-0x397c06761800] GL_INVALID_FRAMEBUFFER_OPERATION: glDrawArrays: Framebuffer is incomplete: Attachment has zero size. @ about:srcdoc:0
[WARNING] [.WebGL-0x397c06761800] GL_INVALID_FRAMEBUFFER_OPERATION: glClearBufferfv: Framebuffer is incomplete: Attachment has zero size. @ about:srcdoc:0
[WARNING] [.WebGL-0x397c06761800] GL_INVALID_FRAMEBUFFER_OPERATION: glClearBufferfv: Framebuffer is incomplete: Attachment has zero size. @ about:srcdoc:0
[WARNING] [.WebGL-0x397c06761800] GL_INVALID_FRAMEBUFFER_OPERATION: glClear: Framebuffer is incomplete: Attachment has zero size. @ about:srcdoc:0
[WARNING] [.WebGL-0x397c06761800] GL_INVALID_FRAMEBUFFER_OPERATION: glDrawArraysInstanced: Framebuffer is incomplete: Attachment has zero size. @ about:srcdoc:0
[WARNING] [.WebGL-0x397c06761800] GL_INVALID_FRAMEBUFFER_OPERATION: glDrawArraysInstanced: Framebuffer is incomplete: Attachment has zero size. @ about:srcdoc:0
[WARNING] [.WebGL-0x397c06761800] GL_INVALID_FRAMEBUFFER_OPERATION: glClearBufferfv: Framebuffer is incomplete: Attachment has zero size. @ about:srcdoc:0
[WARNING] [.WebGL-0x397c06761800] GL_INVALID_FRAMEBUFFER_OPERATION: glClearBufferfv: Framebuffer is incomplete: Attachment has zero size. @ about:srcdoc:0
[WARNING] [.WebGL-0x397c06761800] GL_INVALID_FRAMEBUFFER_OPERATION: glDrawArrays: Framebuffer is incomplete: Attachment has zero size. @ about:srcdoc:0
[WARNING] [.WebGL-0x397c06761800] GL_INVALID_FRAMEBUFFER_OPERATION: glDrawArrays: Framebuffer is incomplete: Attachment has zero size. @ about:srcdoc:0
[WARNING] [.WebGL-0x397c06761800] GL_INVALID_FRAMEBUFFER_OPERATION: glClearBufferfv: Framebuffer is incomplete: Attachment has zero size. @ about:srcdoc:0
[WARNING] [.WebGL-0x397c06761800] GL_INVALID_FRAMEBUFFER_OPERATION: glClearBufferfv: Framebuffer is incomplete: Attachment has zero size. @ about:srcdoc:0
[WARNING] [.WebGL-0x397c06761800] GL_INVALID_FRAMEBUFFER_OPERATION: glClear: Framebuffer is incomplete: Attachment has zero size. @ about:srcdoc:0
[WARNING] [.WebGL-0x397c06761800] GL_INVALID_FRAMEBUFFER_OPERATION: glDrawArraysInstanced: Framebuffer is incomplete: Attachment has zero size. @ about:srcdoc:0
[WARNING] [.WebGL-0x397c06761800] GL_INVALID_FRAMEBUFFER_OPERATION: glDrawArraysInstanced: Framebuffer is incomplete: Attachment has zero size. @ about:srcdoc:0
[WARNING] [.WebGL-0x397c06761800] GL_INVALID_FRAMEBUFFER_OPERATION: glClearBufferfv: Framebuffer is incomplete: Attachment has zero size. @ about:srcdoc:0
[WARNING] [.WebGL-0x397c06761800] GL_INVALID_FRAMEBUFFER_OPERATION: glClearBufferfv: Framebuffer is incomplete: Attachment has zero size. @ about:srcdoc:0
[WARNING] [.WebGL-0x397c06761800] GL_INVALID_FRAMEBUFFER_OPERATION: glDrawArrays: Framebuffer is incomplete: Attachment has zero size. @ about:srcdoc:0
[WARNING] [.WebGL-0x397c06761800] GL_INVALID_FRAMEBUFFER_OPERATION: glDrawArrays: Framebuffer is incomplete: Attachment has zero size. @ about:srcdoc:0
[WARNING] An iframe which has both allow-scripts and allow-same-origin for its sandbox attribute can escape its sandboxing. @ about:srcdoc:0
[WARNING] [.WebGL-0x397c06768400] GL_INVALID_VALUE: glTexStorage2D: Texture dimensions must all be greater than zero. @ about:srcdoc:0
[WARNING] [.WebGL-0x397c06768400] GL_INVALID_VALUE: glTexStorage2D: Texture dimensions must all be greater than zero. @ about:srcdoc:0
[WARNING] [.WebGL-0x397c06768400] GL_INVALID_VALUE: glTexStorage2D: Texture dimensions must all be greater than zero. @ about:srcdoc:0
[WARNING] [.WebGL-0x397c06768400] GL_INVALID_FRAMEBUFFER_OPERATION: glClearBufferfv: Framebuffer is incomplete: Attachment has zero size. @ about:srcdoc:0
[WARNING] [.WebGL-0x397c06768400] GL_INVALID_FRAMEBUFFER_OPERATION: glClearBufferfv: Framebuffer is incomplete: Attachment has zero size. @ about:srcdoc:0
[WARNING] [.WebGL-0x397c06768400] GL_INVALID_FRAMEBUFFER_OPERATION: glClear: Framebuffer is incomplete: Attachment has zero size. @ about:srcdoc:0
[WARNING] [.WebGL-0x397c06768400] GL_INVALID_FRAMEBUFFER_OPERATION: glDrawArrays: Framebuffer is incomplete: Attachment has zero size. @ about:srcdoc:0
[WARNING] [.WebGL-0x397c06768400] GL_INVALID_FRAMEBUFFER_OPERATION: glDrawArrays: Framebuffer is incomplete: Attachment has zero size. @ about:srcdoc:0
[WARNING] [.WebGL-0x397c06768400] GL_INVALID_FRAMEBUFFER_OPERATION: glDrawArrays: Framebuffer is incomplete: Attachment has zero size. @ about:srcdoc:0
[WARNING] [.WebGL-0x397c06768400] GL_INVALID_FRAMEBUFFER_OPERATION: glDrawArraysInstanced: Framebuffer is incomplete: Attachment has zero size. @ about:srcdoc:0
[WARNING] [.WebGL-0x397c06768400] GL_INVALID_FRAMEBUFFER_OPERATION: glClearBufferfv: Framebuffer is incomplete: Attachment has zero size. @ about:srcdoc:0
[WARNING] [.WebGL-0x397c06768400] GL_INVALID_FRAMEBUFFER_OPERATION: glClearBufferfv: Framebuffer is incomplete: Attachment has zero size. @ about:srcdoc:0
[WARNING] [.WebGL-0x397c06768400] GL_INVALID_FRAMEBUFFER_OPERATION: glDrawArrays: Framebuffer is incomplete: Attachment has zero size. @ about:srcdoc:0
[WARNING] [.WebGL-0x397c06768400] GL_INVALID_FRAMEBUFFER_OPERATION: glDrawArrays: Framebuffer is incomplete: Attachment has zero size. @ about:srcdoc:0
[WARNING] [.WebGL-0x397c06768400] GL_INVALID_FRAMEBUFFER_OPERATION: glClearBufferfv: Framebuffer is incomplete: Attachment has zero size. @ about:srcdoc:0
[WARNING] [.WebGL-0x397c06768400] GL_INVALID_FRAMEBUFFER_OPERATION: glClearBufferfv: Framebuffer is incomplete: Attachment has zero size. @ about:srcdoc:0
[WARNING] [.WebGL-0x397c06768400] GL_INVALID_FRAMEBUFFER_OPERATION: glClear: Framebuffer is incomplete: Attachment has zero size. @ about:srcdoc:0
[WARNING] [.WebGL-0x397c06768400] GL_INVALID_FRAMEBUFFER_OPERATION: glDrawArrays: Framebuffer is incomplete: Attachment has zero size. @ about:srcdoc:0
[WARNING] [.WebGL-0x397c06768400] GL_INVALID_FRAMEBUFFER_OPERATION: glDrawArrays: Framebuffer is incomplete: Attachment has zero size. @ about:srcdoc:0
[WARNING] [.WebGL-0x397c06768400] GL_INVALID_FRAMEBUFFER_OPERATION: glDrawArrays: Framebuffer is incomplete: Attachment has zero size. @ about:srcdoc:0
[WARNING] [.WebGL-0x397c06768400] GL_INVALID_FRAMEBUFFER_OPERATION: glDrawArraysInstanced: Framebuffer is incomplete: Attachment has zero size. @ about:srcdoc:0
[WARNING] [.WebGL-0x397c06768400] GL_INVALID_FRAMEBUFFER_OPERATION: glClearBufferfv: Framebuffer is incomplete: Attachment has zero size. @ about:srcdoc:0
[WARNING] [.WebGL-0x397c06768400] GL_INVALID_FRAMEBUFFER_OPERATION: glClearBufferfv: Framebuffer is incomplete: Attachment has zero size. @ about:srcdoc:0
[WARNING] [.WebGL-0x397c06768400] GL_INVALID_FRAMEBUFFER_OPERATION: glDrawArrays: Framebuffer is incomplete: Attachment has zero size. @ about:srcdoc:0
[WARNING] [.WebGL-0x397c06768400] GL_INVALID_FRAMEBUFFER_OPERATION: glDrawArrays: Framebuffer is incomplete: Attachment has zero size. @ about:srcdoc:0
[WARNING] [.WebGL-0x397c06768400] GL_INVALID_FRAMEBUFFER_OPERATION: glClearBufferfv: Framebuffer is incomplete: Attachment has zero size. @ about:srcdoc:0
[WARNING] [.WebGL-0x397c06768400] GL_INVALID_FRAMEBUFFER_OPERATION: glClearBufferfv: Framebuffer is incomplete: Attachment has zero size. @ about:srcdoc:0
[WARNING] [.WebGL-0x397c06768400] GL_INVALID_FRAMEBUFFER_OPERATION: glClear: Framebuffer is incomplete: Attachment has zero size. @ about:srcdoc:0
[WARNING] [.WebGL-0x397c06768400] GL_INVALID_FRAMEBUFFER_OPERATION: glDrawArrays: Framebuffer is incomplete: Attachment has zero size. @ about:srcdoc:0
[WARNING] [.WebGL-0x397c06768400] GL_INVALID_FRAMEBUFFER_OPERATION: glDrawArrays: Framebuffer is incomplete: Attachment has zero size. @ about:srcdoc:0
[WARNING] [.WebGL-0x397c06768400] GL_INVALID_FRAMEBUFFER_OPERATION: glDrawArrays: Framebuffer is incomplete: Attachment has zero size. @ about:srcdoc:0
[WARNING] [.WebGL-0x397c06768400] GL_INVALID_FRAMEBUFFER_OPERATION: glDrawArraysInstanced: Framebuffer is incomplete: Attachment has zero size. @ about:srcdoc:0
[WARNING] [.WebGL-0x397c06768400] GL_INVALID_FRAMEBUFFER_OPERATION: glClearBufferfv: Framebuffer is incomplete: Attachment has zero size. @ about:srcdoc:0
[WARNING] [.WebGL-0x397c06768400] GL_INVALID_FRAMEBUFFER_OPERATION: glClearBufferfv: Framebuffer is incomplete: Attachment has zero size. @ about:srcdoc:0
[WARNING] [.WebGL-0x397c06768400] GL_INVALID_FRAMEBUFFER_OPERATION: glDrawArrays: Framebuffer is incomplete: Attachment has zero size. @ about:srcdoc:0
[WARNING] [.WebGL-0x397c06768400] GL_INVALID_FRAMEBUFFER_OPERATION: glDrawArrays: Framebuffer is incomplete: Attachment has zero size. @ about:srcdoc:0
[WARNING] [.WebGL-0x397c06768400] GL_INVALID_FRAMEBUFFER_OPERATION: glClearBufferfv: Framebuffer is incomplete: Attachment has zero size. @ about:srcdoc:0
[WARNING] [.WebGL-0x397c06768400] GL_INVALID_FRAMEBUFFER_OPERATION: glClearBufferfv: Framebuffer is incomplete: Attachment has zero size. @ about:srcdoc:0
[WARNING] [.WebGL-0x397c06768400] GL_INVALID_FRAMEBUFFER_OPERATION: glClear: Framebuffer is incomplete: Attachment has zero size. @ about:srcdoc:0
[WARNING] [.WebGL-0x397c06768400] GL_INVALID_FRAMEBUFFER_OPERATION: glDrawArrays: Framebuffer is incomplete: Attachment has zero size. @ about:srcdoc:0
[WARNING] [.WebGL-0x397c06768400] GL_INVALID_FRAMEBUFFER_OPERATION: glDrawArrays: Framebuffer is incomplete: Attachment has zero size. @ about:srcdoc:0
[WARNING] [.WebGL-0x397c06768400] GL_INVALID_FRAMEBUFFER_OPERATION: glDrawArrays: Framebuffer is incomplete: Attachment has zero size. @ about:srcdoc:0
[WARNING] [.WebGL-0x397c06768400] GL_INVALID_FRAMEBUFFER_OPERATION: glDrawArraysInstanced: Framebuffer is incomplete: Attachment has zero size. @ about:srcdoc:0
[WARNING] [.WebGL-0x397c06768400] GL_INVALID_FRAMEBUFFER_OPERATION: glClearBufferfv: Framebuffer is incomplete: Attachment has zero size. @ about:srcdoc:0
[WARNING] [.WebGL-0x397c06768400] GL_INVALID_FRAMEBUFFER_OPERATION: glClearBufferfv: Framebuffer is incomplete: Attachment has zero size. @ about:srcdoc:0
[WARNING] [.WebGL-0x397c06768400] GL_INVALID_FRAMEBUFFER_OPERATION: glDrawArrays: Framebuffer is incomplete: Attachment has zero size. @ about:srcdoc:0
[WARNING] [.WebGL-0x397c06768400] GL_INVALID_FRAMEBUFFER_OPERATION: glDrawArrays: Framebuffer is incomplete: Attachment has zero size. @ about:srcdoc:0
[WARNING] [.WebGL-0x397c06768400] GL_INVALID_FRAMEBUFFER_OPERATION: glClearBufferfv: Framebuffer is incomplete: Attachment has zero size. @ about:srcdoc:0
[WARNING] [.WebGL-0x397c06768400] GL_INVALID_FRAMEBUFFER_OPERATION: glClearBufferfv: Framebuffer is incomplete: Attachment has zero size. @ about:srcdoc:0
[WARNING] [.WebGL-0x397c06768400] GL_INVALID_FRAMEBUFFER_OPERATION: glClear: Framebuffer is incomplete: Attachment has zero size. @ about:srcdoc:0
[WARNING] [.WebGL-0x397c06768400] GL_INVALID_FRAMEBUFFER_OPERATION: glDrawArrays: Framebuffer is incomplete: Attachment has zero size. @ about:srcdoc:0
[WARNING] [.WebGL-0x397c06768400] GL_INVALID_FRAMEBUFFER_OPERATION: glDrawArrays: Framebuffer is incomplete: Attachment has zero size. @ about:srcdoc:0
[WARNING] [.WebGL-0x397c06768400] GL_INVALID_FRAMEBUFFER_OPERATION: glDrawArrays: Framebuffer is incomplete: Attachment has zero size. @ about:srcdoc:0
[WARNING] [.WebGL-0x397c06768400] GL_INVALID_FRAMEBUFFER_OPERATION: glDrawArraysInstanced: Framebuffer is incomplete: Attachment has zero size. @ about:srcdoc:0
[WARNING] [.WebGL-0x397c06768400] GL_INVALID_FRAMEBUFFER_OPERATION: glClearBufferfv: Framebuffer is incomplete: Attachment has zero size. @ about:srcdoc:0
[WARNING] [.WebGL-0x397c06768400] GL_INVALID_FRAMEBUFFER_OPERATION: glClearBufferfv: Framebuffer is incomplete: Attachment has zero size. @ about:srcdoc:0
[WARNING] [.WebGL-0x397c06768400] GL_INVALID_FRAMEBUFFER_OPERATION: glDrawArrays: Framebuffer is incomplete: Attachment has zero size. @ about:srcdoc:0
[WARNING] [.WebGL-0x397c06768400] GL_INVALID_FRAMEBUFFER_OPERATION: glDrawArrays: Framebuffer is incomplete: Attachment has zero size. @ about:srcdoc:0
[WARNING] [.WebGL-0x397c06768400] GL_INVALID_FRAMEBUFFER_OPERATION: glClearBufferfv: Framebuffer is incomplete: Attachment has zero size. @ about:srcdoc:0
[WARNING] [.WebGL-0x397c06768400] GL_INVALID_FRAMEBUFFER_OPERATION: glClearBufferfv: Framebuffer is incomplete: Attachment has zero size. @ about:srcdoc:0
[WARNING] [.WebGL-0x397c06768400] GL_INVALID_FRAMEBUFFER_OPERATION: glClear: Framebuffer is incomplete: Attachment has zero size. @ about:srcdoc:0
[WARNING] [.WebGL-0x397c06768400] GL_INVALID_FRAMEBUFFER_OPERATION: glDrawArrays: Framebuffer is incomplete: Attachment has zero size. @ about:srcdoc:0
[WARNING] [.WebGL-0x397c06768400] GL_INVALID_FRAMEBUFFER_OPERATION: glDrawArrays: Framebuffer is incomplete: Attachment has zero size. @ about:srcdoc:0
[WARNING] [.WebGL-0x397c06768400] GL_INVALID_FRAMEBUFFER_OPERATION: glDrawArrays: Framebuffer is incomplete: Attachment has zero size. @ about:srcdoc:0
[WARNING] [.WebGL-0x397c06768400] GL_INVALID_FRAMEBUFFER_OPERATION: glDrawArraysInstanced: Framebuffer is incomplete: Attachment has zero size. @ about:srcdoc:0
[WARNING] [.WebGL-0x397c06768400] GL_INVALID_FRAMEBUFFER_OPERATION: glClearBufferfv: Framebuffer is incomplete: Attachment has zero size. @ about:srcdoc:0
[WARNING] [.WebGL-0x397c06768400] GL_INVALID_FRAMEBUFFER_OPERATION: glClearBufferfv: Framebuffer is incomplete: Attachment has zero size. @ about:srcdoc:0
[WARNING] [.WebGL-0x397c06768400] GL_INVALID_FRAMEBUFFER_OPERATION: glDrawArrays: Framebuffer is incomplete: Attachment has zero size. @ about:srcdoc:0
[WARNING] [.WebGL-0x397c06768400] GL_INVALID_FRAMEBUFFER_OPERATION: glDrawArrays: Framebuffer is incomplete: Attachment has zero size. @ about:srcdoc:0
[WARNING] [.WebGL-0x397c06768400] GL_INVALID_FRAMEBUFFER_OPERATION: glClearBufferfv: Framebuffer is incomplete: Attachment has zero size. @ about:srcdoc:0
[WARNING] [.WebGL-0x397c06768400] GL_INVALID_FRAMEBUFFER_OPERATION: glClearBufferfv: Framebuffer is incomplete: Attachment has zero size. @ about:srcdoc:0
[WARNING] [.WebGL-0x397c06768400] GL_INVALID_FRAMEBUFFER_OPERATION: glClear: Framebuffer is incomplete: Attachment has zero size. @ about:srcdoc:0
[WARNING] [.WebGL-0x397c06768400] GL_INVALID_FRAMEBUFFER_OPERATION: glDrawArrays: Framebuffer is incomplete: Attachment has zero size. @ about:srcdoc:0
[WARNING] [.WebGL-0x397c06768400] GL_INVALID_FRAMEBUFFER_OPERATION: glDrawArrays: Framebuffer is incomplete: Attachment has zero size. @ about:srcdoc:0
[WARNING] [.WebGL-0x397c06768400] GL_INVALID_FRAMEBUFFER_OPERATION: glDrawArrays: Framebuffer is incomplete: Attachment has zero size. @ about:srcdoc:0
[WARNING] [.WebGL-0x397c06768400] GL_INVALID_FRAMEBUFFER_OPERATION: glDrawArraysInstanced: Framebuffer is incomplete: Attachment has zero size. @ about:srcdoc:0
[WARNING] [.WebGL-0x397c06768400] GL_INVALID_FRAMEBUFFER_OPERATION: glClearBufferfv: Framebuffer is incomplete: Attachment has zero size. @ about:srcdoc:0
[WARNING] [.WebGL-0x397c06768400] GL_INVALID_FRAMEBUFFER_OPERATION: glClearBufferfv: Framebuffer is incomplete: Attachment has zero size. @ about:srcdoc:0
[WARNING] [.WebGL-0x397c06768400] GL_INVALID_FRAMEBUFFER_OPERATION: glDrawArrays: Framebuffer is incomplete: Attachment has zero size. @ about:srcdoc:0
[WARNING] [.WebGL-0x397c06768400] GL_INVALID_FRAMEBUFFER_OPERATION: glDrawArrays: Framebuffer is incomplete: Attachment has zero size. @ about:srcdoc:0
[WARNING] [.WebGL-0x397c06768400] GL_INVALID_FRAMEBUFFER_OPERATION: glClearBufferfv: Framebuffer is incomplete: Attachment has zero size. @ about:srcdoc:0
[WARNING] [.WebGL-0x397c06768400] GL_INVALID_FRAMEBUFFER_OPERATION: glClearBufferfv: Framebuffer is incomplete: Attachment has zero size. @ about:srcdoc:0
[WARNING] [.WebGL-0x397c06768400] GL_INVALID_FRAMEBUFFER_OPERATION: glClear: Framebuffer is incomplete: Attachment has zero size. @ about:srcdoc:0
[WARNING] [.WebGL-0x397c06768400] GL_INVALID_FRAMEBUFFER_OPERATION: glDrawArrays: Framebuffer is incomplete: Attachment has zero size. @ about:srcdoc:0
[WARNING] [.WebGL-0x397c06768400] GL_INVALID_FRAMEBUFFER_OPERATION: glDrawArrays: Framebuffer is incomplete: Attachment has zero size. @ about:srcdoc:0
[WARNING] [.WebGL-0x397c06768400] GL_INVALID_FRAMEBUFFER_OPERATION: glDrawArrays: Framebuffer is incomplete: Attachment has zero size. @ about:srcdoc:0
[WARNING] [.WebGL-0x397c06768400] GL_INVALID_FRAMEBUFFER_OPERATION: glDrawArraysInstanced: Framebuffer is incomplete: Attachment has zero size. @ about:srcdoc:0
[WARNING] [.WebGL-0x397c06768400] GL_INVALID_FRAMEBUFFER_OPERATION: glClearBufferfv: Framebuffer is incomplete: Attachment has zero size. @ about:srcdoc:0
[WARNING] [.WebGL-0x397c06768400] GL_INVALID_FRAMEBUFFER_OPERATION: glClearBufferfv: Framebuffer is incomplete: Attachment has zero size. @ about:srcdoc:0
[WARNING] [.WebGL-0x397c06768400] GL_INVALID_FRAMEBUFFER_OPERATION: glDrawArrays: Framebuffer is incomplete: Attachment has zero size. @ about:srcdoc:0
[WARNING] [.WebGL-0x397c06768400] GL_INVALID_FRAMEBUFFER_OPERATION: glDrawArrays: Framebuffer is incomplete: Attachment has zero size. @ about:srcdoc:0
[WARNING] [.WebGL-0x397c06768400] GL_INVALID_VALUE: glTexStorage2D: Texture dimensions must all be greater than zero. @ about:srcdoc:0
[WARNING] [.WebGL-0x397c06768400] GL_INVALID_FRAMEBUFFER_OPERATION: glClear: Framebuffer is incomplete: Attachment has zero size. @ about:srcdoc:0
[WARNING] [.WebGL-0x397c06768400] GL_INVALID_FRAMEBUFFER_OPERATION: glDrawArrays: Framebuffer is incomplete: Attachment has zero size. @ about:srcdoc:0
[WARNING] [.WebGL-0x397c06768400] GL_INVALID_FRAMEBUFFER_OPERATION: glDrawArrays: Framebuffer is incomplete: Attachment has zero size. @ about:srcdoc:0
[WARNING] [.WebGL-0x397c06768400] GL_INVALID_FRAMEBUFFER_OPERATION: glDrawArrays: Framebuffer is incomplete: Attachment has zero size. @ about:srcdoc:0
[WARNING] [.WebGL-0x397c06768400] GL_INVALID_FRAMEBUFFER_OPERATION: glDrawArrays: Framebuffer is incomplete: Attachment has zero size. @ about:srcdoc:0
[WARNING] [.WebGL-0x397c06768400] GL_INVALID_FRAMEBUFFER_OPERATION: glDrawArraysInstanced: Framebuffer is incomplete: Attachment has zero size. @ about:srcdoc:0
[WARNING] [.WebGL-0x397c06768400] GL_INVALID_FRAMEBUFFER_OPERATION: glClearBufferfv: Framebuffer is incomplete: Attachment has zero size. @ about:srcdoc:0
[WARNING] [.WebGL-0x397c06768400] GL_INVALID_FRAMEBUFFER_OPERATION: glClearBufferfv: Framebuffer is incomplete: Attachment has zero size. @ about:srcdoc:0
[WARNING] [.WebGL-0x397c06768400] GL_INVALID_FRAMEBUFFER_OPERATION: glClear: Framebuffer is incomplete: Attachment has zero size. @ about:srcdoc:0
[WARNING] [.WebGL-0x397c06768400] GL_INVALID_FRAMEBUFFER_OPERATION: glDrawArrays: Framebuffer is incomplete: Attachment has zero size. @ about:srcdoc:0
[WARNING] [.WebGL-0x397c06768400] GL_INVALID_FRAMEBUFFER_OPERATION: glDrawArrays: Framebuffer is incomplete: Attachment has zero size. @ about:srcdoc:0
[WARNING] [.WebGL-0x397c06768400] GL_INVALID_FRAMEBUFFER_OPERATION: glDrawArrays: Framebuffer is incomplete: Attachment has zero size. @ about:srcdoc:0
[WARNING] [.WebGL-0x397c06768400] GL_INVALID_FRAMEBUFFER_OPERATION: glDrawArraysInstanced: Framebuffer is incomplete: Attachment has zero size. @ about:srcdoc:0
[WARNING] [.WebGL-0x397c06768400] GL_INVALID_FRAMEBUFFER_OPERATION: glClearBufferfv: Framebuffer is incomplete: Attachment has zero size. @ about:srcdoc:0
[WARNING] [.WebGL-0x397c06768400] GL_INVALID_FRAMEBUFFER_OPERATION: glClearBufferfv: Framebuffer is incomplete: Attachment has zero size. @ about:srcdoc:0
[WARNING] [.WebGL-0x397c06768400] GL_INVALID_FRAMEBUFFER_OPERATION: glDrawArrays: Framebuffer is incomplete: Attachment has zero size. @ about:srcdoc:0
[WARNING] [.WebGL-0x397c06768400] GL_INVALID_FRAMEBUFFER_OPERATION: glDrawArrays: Framebuffer is incomplete: Attachment has zero size. @ about:srcdoc:0
[WARNING] [.WebGL-0x397c06768400] GL_INVALID_FRAMEBUFFER_OPERATION: glClear: Framebuffer is incomplete: Attachment has zero size. @ about:srcdoc:0
[WARNING] [.WebGL-0x397c06768400] GL_INVALID_FRAMEBUFFER_OPERATION: glDrawArrays: Framebuffer is incomplete: Attachment has zero size. @ about:srcdoc:0
[WARNING] [.WebGL-0x397c06768400] GL_INVALID_FRAMEBUFFER_OPERATION: glDrawArrays: Framebuffer is incomplete: Attachment has zero size. @ about:srcdoc:0
[WARNING] [.WebGL-0x397c06768400] GL_INVALID_FRAMEBUFFER_OPERATION: glDrawArrays: Framebuffer is incomplete: Attachment has zero size. @ about:srcdoc:0
[WARNING] [.WebGL-0x397c06768400] GL_INVALID_FRAMEBUFFER_OPERATION: glDrawArrays: Framebuffer is incomplete: Attachment has zero size. @ about:srcdoc:0
[WARNING] [.WebGL-0x397c06768400] GL_INVALID_FRAMEBUFFER_OPERATION: glDrawArraysInstanced: Framebuffer is incomplete: Attachment has zero size. @ about:srcdoc:0
[WARNING] [.WebGL-0x397c06761800] GL_INVALID_VALUE: glTexStorage2D: Texture dimensions must all be greater than zero. @ about:srcdoc:0
[WARNING] [.WebGL-0x397c06761800] GL_INVALID_FRAMEBUFFER_OPERATION: glClear: Framebuffer is incomplete: Attachment has zero size. @ about:srcdoc:0
[WARNING] [.WebGL-0x397c06761800] GL_INVALID_FRAMEBUFFER_OPERATION: glDrawArrays: Framebuffer is incomplete: Attachment has zero size. @ about:srcdoc:0
[WARNING] [.WebGL-0x397c06761800] GL_INVALID_FRAMEBUFFER_OPERATION: glDrawArraysInstanced: Framebuffer is incomplete: Attachment has zero size. @ about:srcdoc:0
[WARNING] [.WebGL-0x397c06761800] GL_INVALID_FRAMEBUFFER_OPERATION: glDrawArraysInstanced: Framebuffer is incomplete: Attachment has zero size. @ about:srcdoc:0
[WARNING] [.WebGL-0x397c06761800] GL_INVALID_VALUE: glTexStorage2D: Texture dimensions must all be greater than zero. @ about:srcdoc:0
[WARNING] [.WebGL-0x397c06761800] GL_INVALID_VALUE: glTexStorage2D: Texture dimensions must all be greater than zero. @ about:srcdoc:0
[WARNING] [.WebGL-0x397c06761800] GL_INVALID_VALUE: glTexStorage2D: Texture dimensions must all be greater than zero. @ about:srcdoc:0
[WARNING] [.WebGL-0x397c06761800] GL_INVALID_FRAMEBUFFER_OPERATION: glClearBufferfv: Framebuffer is incomplete: Attachment has zero size. @ about:srcdoc:0
[WARNING] [.WebGL-0x397c06761800] GL_INVALID_FRAMEBUFFER_OPERATION: glClearBufferfv: Framebuffer is incomplete: Attachment has zero size. @ about:srcdoc:0
[WARNING] [.WebGL-0x397c06761800] GL_INVALID_FRAMEBUFFER_OPERATION: glClear: Framebuffer is incomplete: Attachment has zero size. @ about:srcdoc:0
[WARNING] [.WebGL-0x397c06761800] GL_INVALID_FRAMEBUFFER_OPERATION: glDrawArraysInstanced: Framebuffer is incomplete: Attachment has zero size. @ about:srcdoc:0
[WARNING] [.WebGL-0x397c06761800] GL_INVALID_FRAMEBUFFER_OPERATION: glDrawArraysInstanced: Framebuffer is incomplete: Attachment has zero size. @ about:srcdoc:0
[WARNING] [.WebGL-0x397c06761800] GL_INVALID_FRAMEBUFFER_OPERATION: glClearBufferfv: Framebuffer is incomplete: Attachment has zero size. @ about:srcdoc:0
[WARNING] [.WebGL-0x397c06761800] GL_INVALID_FRAMEBUFFER_OPERATION: glClearBufferfv: Framebuffer is incomplete: Attachment has zero size. @ about:srcdoc:0
[WARNING] [.WebGL-0x397c06761800] GL_INVALID_FRAMEBUFFER_OPERATION: glDrawArrays: Framebuffer is incomplete: Attachment has zero size. @ about:srcdoc:0
[WARNING] [.WebGL-0x397c06761800] GL_INVALID_FRAMEBUFFER_OPERATION: glDrawArrays: Framebuffer is incomplete: Attachment has zero size. @ about:srcdoc:0
[WARNING] [.WebGL-0x397c06761800] GL_INVALID_FRAMEBUFFER_OPERATION: glClear: Framebuffer is incomplete: Attachment has zero size. @ about:srcdoc:0
[WARNING] [.WebGL-0x397c06761800] GL_INVALID_FRAMEBUFFER_OPERATION: glDrawArrays: Framebuffer is incomplete: Attachment has zero size. @ about:srcdoc:0
[WARNING] [.WebGL-0x397c06761800] GL_INVALID_FRAMEBUFFER_OPERATION: glDrawArraysInstanced: Framebuffer is incomplete: Attachment has zero size. @ about:srcdoc:0
[WARNING] [.WebGL-0x397c06761800] GL_INVALID_FRAMEBUFFER_OPERATION: glDrawArraysInstanced: Framebuffer is incomplete: Attachment has zero size. @ about:srcdoc:0
[WARNING] [.WebGL-0x397c06761800] GL_INVALID_FRAMEBUFFER_OPERATION: glClearBufferfv: Framebuffer is incomplete: Attachment has zero size. @ about:srcdoc:0
[WARNING] [.WebGL-0x397c06761800] GL_INVALID_FRAMEBUFFER_OPERATION: glClearBufferfv: Framebuffer is incomplete: Attachment has zero size. @ about:srcdoc:0
[WARNING] [.WebGL-0x397c06761800] GL_INVALID_FRAMEBUFFER_OPERATION: glClear: Framebuffer is incomplete: Attachment has zero size. @ about:srcdoc:0
[WARNING] [.WebGL-0x397c06761800] GL_INVALID_FRAMEBUFFER_OPERATION: glDrawArraysInstanced: Framebuffer is incomplete: Attachment has zero size. @ about:srcdoc:0
[WARNING] [.WebGL-0x397c06761800] GL_INVALID_FRAMEBUFFER_OPERATION: glDrawArraysInstanced: Framebuffer is incomplete: Attachment has zero size. @ about:srcdoc:0
[WARNING] [.WebGL-0x397c06761800] GL_INVALID_FRAMEBUFFER_OPERATION: glClearBufferfv: Framebuffer is incomplete: Attachment has zero size. @ about:srcdoc:0
[WARNING] [.WebGL-0x397c06761800] GL_INVALID_FRAMEBUFFER_OPERATION: glClearBufferfv: Framebuffer is incomplete: Attachment has zero size. @ about:srcdoc:0
[WARNING] [.WebGL-0x397c06761800] GL_INVALID_FRAMEBUFFER_OPERATION: glDrawArrays: Framebuffer is incomplete: Attachment has zero size. @ about:srcdoc:0
[WARNING] [.WebGL-0x397c06761800] GL_INVALID_FRAMEBUFFER_OPERATION: glDrawArrays: Framebuffer is incomplete: Attachment has zero size. @ about:srcdoc:0